// Jest Snapshot v1, https://goo.gl/fbAQLP

exports[`renders correctly 1`] = `
<button
  className="s1 characterButton button"
  onClick={[Function]}
  type="button"
>
  AC
</button>
`;
