// Jest Snapshot v1, https://goo.gl/fbAQLP

exports[`renders correctly 1`] = `
<div
  className="calculatorPageContainer"
>
  <h2>
    Lets do some math!
  </h2>
  <div
    className="calculatorContainer"
  >
    <div
      className="display"
    >
      <h1 />
      <h1 />
      <h1 />
    </div>
    <div
      className="buttonsContainer"
    >
      <button
        className="s1 characterButton button"
        onClick={[Function]}
        type="button"
      >
        AC
      </button>
      <button
        className="s1 characterButton button"
        onClick={[Function]}
        type="button"
      >
        +/-
      </button>
      <button
        className="s1 characterButton button"
        onClick={[Function]}
        type="button"
      >
        %
      </button>
      <button
        className="s1 operationButton button"
        onClick={[Function]}
        type="button"
      >
        รท
      </button>
      <button
        className="s1 characterButton button"
        onClick={[Function]}
        type="button"
      >
        1
      </button>
      <button
        className="s1 characterButton button"
        onClick={[Function]}
        type="button"
      >
        2
      </button>
      <button
        className="s1 characterButton button"
        onClick={[Function]}
        type="button"
      >
        3
      </button>
      <button
        className="s1 operationButton button"
        onClick={[Function]}
        type="button"
      >
        x
      </button>
      <button
        className="s1 characterButton button"
        onClick={[Function]}
        type="button"
      >
        4
      </button>
      <button
        className="s1 characterButton button"
        onClick={[Function]}
        type="button"
      >
        5
      </button>
      <button
        className="s1 characterButton button"
        onClick={[Function]}
        type="button"
      >
        6
      </button>
      <button
        className="s1 operationButton button"
        onClick={[Function]}
        type="button"
      >
        -
      </button>
      <button
        className="s1 characterButton button"
        onClick={[Function]}
        type="button"
      >
        7
      </button>
      <button
        className="s1 characterButton button"
        onClick={[Function]}
        type="button"
      >
        8
      </button>
      <button
        className="s1 characterButton button"
        onClick={[Function]}
        type="button"
      >
        9
      </button>
      <button
        className="s1 operationButton button"
        onClick={[Function]}
        type="button"
      >
        +
      </button>
      <button
        className="s2 characterButton button"
        onClick={[Function]}
        type="button"
      >
        0
      </button>
      <button
        className="s1 characterButton button"
        onClick={[Function]}
        type="button"
      >
        .
      </button>
      <button
        className="s1 operationButton button"
        onClick={[Function]}
        type="button"
      >
        =
      </button>
    </div>
  </div>
</div>
`;
